14:14:56 **** Incremental Build of configuration Debug for project mb_blink ****
make all 
'Building file: ../src/mb_blink.c'
'Invoking: MicroBlaze gcc compiler'
mb-gcc -Wall -O0 -g3 -c -fmessage-length=0 -MT"src/mb_blink.o" -IC:/Users/falli/385/lab6_1/workspace/mb_intro_top/export/mb_intro_top/sw/mb_intro_top/standalone_microblaze_0/bspinclude/include -mno-xl-reorder -mlittle-endian -mxl-barrel-shift -mxl-pattern-compare -mcpu=v11.0 -mno-xl-soft-mul -Wl,--no-relax -ffunction-sections -fdata-sections -MMD -MP -MF"src/mb_blink.d" -MT"src/mb_blink.o" -o "src/mb_blink.o" "../src/mb_blink.c"
'Finished building: ../src/mb_blink.c'
' '
'Building target: mb_blink.elf'
'Invoking: MicroBlaze gcc linker'
mb-gcc -Wl,-T -Wl,../src/lscript.ld -LC:/Users/falli/385/lab6_1/workspace/mb_intro_top/export/mb_intro_top/sw/mb_intro_top/standalone_microblaze_0/bsplib/lib -mlittle-endian -mxl-barrel-shift -mxl-pattern-compare -mcpu=v11.0 -mno-xl-soft-mul -Wl,--no-relax -Wl,--gc-sections -o "mb_blink.elf"  ./src/mb_blink.o ./src/platform.o   -Wl,--start-group,-lxil,-lgcc,-lc,--end-group
'Finished building target: mb_blink.elf'
' '
'Invoking: MicroBlaze Print Size'
mb-size mb_blink.elf  |tee "mb_blink.elf.size"
   text	   data	    bss	    dec	    hex	filename
  16508	   1364	   3176	  21048	   5238	mb_blink.elf
'Finished building: mb_blink.elf.size'
' '

14:14:57 Build Finished (took 1s.716ms)

